<html>
<body>
<pre>
<h1>µVision Build Log</h1>
<h2>Tool Versions:</h2>
IDE-Version: µVision V5.23.0.0
Copyright (C) 2017 ARM Ltd and ARM Germany GmbH. All rights reserved.
License Information: John ., /, LIC=----
 
Tool Versions:
Toolchain:       MDK-Lite  Version: 5.23
Toolchain Path:  C:\Keil_v5\ARM\ARMCC\Bin
C Compiler:      Armcc.exe V5.06 update 4 (build 422)
Assembler:       Armasm.exe V5.06 update 4 (build 422)
Linker/Locator:  ArmLink.exe V5.06 update 4 (build 422)
Library Manager: ArmAr.exe V5.06 update 4 (build 422)
Hex Converter:   FromElf.exe V5.06 update 4 (build 422)
CPU DLL:         SARMCM3.DLL V5.23
Dialog DLL:      DCM.DLL V1.15.0.0
Target DLL:      STLink\ST-LINKIII-KEIL_SWO.dll V2.0.18.0
Dialog DLL:      TCM.DLL V1.27.0.0
 
<h2>Project:</h2>
C:\Keil_v5\STM32F4xx_DSP_StdPeriph_Lib_V1.8.0\Project\FreeRTOS_Projekt_v14\MDK-ARM\Project.uvprojx
Project File Date:  01/29/2019

<h2>Output:</h2>
*** Using Compiler 'V5.06 update 4 (build 422)', folder: 'C:\Keil_v5\ARM\ARMCC\Bin'
Rebuild target 'STM32F401xx'
compiling usart.c...
compiling stm32f4xx_it.c...
compiling system_stm32f4xx.c...
compiling main.c...
compiling sema_msg.c...
compiling task_init.c...
compiling hardware.c...
compiling task_usart.c...
compiling task_database.c...
compiling task_hello.c...
compiling task_msg.c...
compiling database_list.c...
compiling stm32f4xx_dma2d.c...
compiling stm32f4xx_pwr.c...
compiling stm32f4xx_flash.c...
compiling stm32f4xx_wwdg.c...
compiling stm32f4xx_fmpi2c.c...
compiling stm32f4xx_hash.c...
compiling stm32f4xx_spi.c...
compiling stm32f4xx_dfsdm.c...
compiling stm32f4xx_ltdc.c...
compiling stm32f4xx_dbgmcu.c...
compiling stm32f4xx_sdio.c...
compiling stm32f4xx_iwdg.c...
compiling stm32f4xx_tim.c...
compiling stm32f4xx_cryp.c...
compiling stm32f4xx_rtc.c...
compiling stm32f4xx_cryp_tdes.c...
compiling stm32f4xx_cryp_aes.c...
compiling stm32f4xx_adc.c...
compiling stm32f4xx_cryp_des.c...
compiling stm32f4xx_i2c.c...
compiling stm32f4xx_usart.c...
compiling stm32f4xx_spdifrx.c...
compiling stm32f4xx_sai.c...
compiling stm32f4xx_crc.c...
compiling stm32f4xx_rng.c...
compiling misc.c...
compiling stm32f4xx_exti.c...
compiling stm32f4xx_dac.c...
compiling stm32f4xx_lptim.c...
compiling stm32f4xx_can.c...
compiling stm32f4xx_dcmi.c...
compiling stm32f4xx_rcc.c...
compiling stm32f4xx_hash_md5.c...
compiling stm32f4xx_syscfg.c...
compiling stm32f4xx_gpio.c...
assembling startup_stm32f413_423xx.s...
compiling stm32f4xx_dma.c...
compiling croutine.c...
compiling list.c...
compiling timers.c...
compiling tasks.c...
compiling port.c...
compiling stm32f4xx_hash_sha1.c...
compiling queue.c...
compiling event_groups.c...
compiling heap_1.c...
compiling stream_buffer.c...
linking...
Program Size: Code=16648 RO-data=640 RW-data=260 ZI-data=97500  
FromELF: creating hex file...
"STM32F401xx\STM32F401xx.axf" - 0 Error(s), 0 Warning(s).

<h2>Software Packages used:</h2>

Package Vendor: ARM
                http://www.keil.com/pack/ARM.CMSIS.5.0.1.pack
                ARM::CMSIS:CORE:5.0.1
                CMSIS (Cortex Microcontroller Software Interface Standard)
   * Component: CORE Version: 5.0.1

<h2>Collection of Component include folders:</h2>
  .\RTE\_STM32F401xx
  C:\Keil_v5\ARM\PACK\ARM\CMSIS\5.0.1\CMSIS\Include
  C:\Keil_v5\ARM\PACK\Keil\STM32F4xx_DFP\2.12.0\Drivers\CMSIS\Device\ST\STM32F4xx\Include

<h2>Collection of Component Files used:</h2>

   * Component: ARM::CMSIS:CORE:5.0.1
Build Time Elapsed:  00:00:25
</pre>
</body>
</html>
